// Jest Snapshot v1, https://goo.gl/fbAQLP

exports[`Photo should render a snapshot correct data passed in 1`] = `
<a>
  <img
    alt="roadway surrounded by trees"
    class="photo"
    src="https://images.unsplash.com/photo-1529806414965-afc2044ad821?ixlib=rb-1.2.1&q=80&fm=jpg&crop=entropy&cs=tinysrgb&w=400&fit=max&ixid=eyJhcHBfaWQiOjU4MDQzfQ"
  />
</a>
`;
